---
source: src/api.rs
expression: listing.price_pm.to_string()
---
3900
